error: Entry method's arguments must be named
 --> tests/ui/fail/entry_unnamed_table_arg.rs:8:38
  |
8 | fn unnamed_table_arg(_image: Handle, _: SystemTable<Boot>) -> Status {
  |                                      ^
